// Jest Snapshot v1, https://goo.gl/fbAQLP

exports[`HomeSlantCard Should maintain existing snapshot 1`] = `
ShallowWrapper {
  "length": 1,
  Symbol(enzyme.__root__): [Circular],
  Symbol(enzyme.__unrendered__): <HomeSlantCard />,
  Symbol(enzyme.__renderer__): Object {
    "batchedUpdates": [Function],
    "getNode": [Function],
    "render": [Function],
    "simulateEvent": [Function],
    "unmount": [Function],
  },
  Symbol(enzyme.__node__): Object {
    "instance": null,
    "key": undefined,
    "nodeType": "host",
    "props": Object {
      "children": <div
        className="io-content"
      >
        <h2>
          Lorem ipsum dolor sit amet
        </h2>
        <p>
          Lorem ipsum dolor sit amet, consectetur adipiscing elit. Nulla aliquet non dolor sit amet tincidunt.
        </p>
      </div>,
      "className": "io-slant",
    },
    "ref": null,
    "rendered": Object {
      "instance": null,
      "key": undefined,
      "nodeType": "host",
      "props": Object {
        "children": Array [
          <h2>
            Lorem ipsum dolor sit amet
          </h2>,
          <p>
            Lorem ipsum dolor sit amet, consectetur adipiscing elit. Nulla aliquet non dolor sit amet tincidunt.
          </p>,
        ],
        "className": "io-content",
      },
      "ref": null,
      "rendered": Array [
        Object {
          "instance": null,
          "key": undefined,
          "nodeType": "host",
          "props": Object {
            "children": "Lorem ipsum dolor sit amet",
          },
          "ref": null,
          "rendered": "Lorem ipsum dolor sit amet",
          "type": "h2",
        },
        Object {
          "instance": null,
          "key": undefined,
          "nodeType": "host",
          "props": Object {
            "children": "Lorem ipsum dolor sit amet, consectetur adipiscing elit. Nulla aliquet non dolor sit amet tincidunt.",
          },
          "ref": null,
          "rendered": "Lorem ipsum dolor sit amet, consectetur adipiscing elit. Nulla aliquet non dolor sit amet tincidunt.",
          "type": "p",
        },
      ],
      "type": "div",
    },
    "type": "div",
  },
  Symbol(enzyme.__nodes__): Array [
    Object {
      "instance": null,
      "key": undefined,
      "nodeType": "host",
      "props": Object {
        "children": <div
          className="io-content"
        >
          <h2>
            Lorem ipsum dolor sit amet
          </h2>
          <p>
            Lorem ipsum dolor sit amet, consectetur adipiscing elit. Nulla aliquet non dolor sit amet tincidunt.
          </p>
        </div>,
        "className": "io-slant",
      },
      "ref": null,
      "rendered": Object {
        "instance": null,
        "key": undefined,
        "nodeType": "host",
        "props": Object {
          "children": Array [
            <h2>
              Lorem ipsum dolor sit amet
            </h2>,
            <p>
              Lorem ipsum dolor sit amet, consectetur adipiscing elit. Nulla aliquet non dolor sit amet tincidunt.
            </p>,
          ],
          "className": "io-content",
        },
        "ref": null,
        "rendered": Array [
          Object {
            "instance": null,
            "key": undefined,
            "nodeType": "host",
            "props": Object {
              "children": "Lorem ipsum dolor sit amet",
            },
            "ref": null,
            "rendered": "Lorem ipsum dolor sit amet",
            "type": "h2",
          },
          Object {
            "instance": null,
            "key": undefined,
            "nodeType": "host",
            "props": Object {
              "children": "Lorem ipsum dolor sit amet, consectetur adipiscing elit. Nulla aliquet non dolor sit amet tincidunt.",
            },
            "ref": null,
            "rendered": "Lorem ipsum dolor sit amet, consectetur adipiscing elit. Nulla aliquet non dolor sit amet tincidunt.",
            "type": "p",
          },
        ],
        "type": "div",
      },
      "type": "div",
    },
  ],
  Symbol(enzyme.__options__): Object {
    "adapter": ReactSixteenAdapter {
      "options": Object {
        "enableComponentDidUpdateOnSetState": true,
      },
    },
  },
}
`;
