// Jest Snapshot v1, https://goo.gl/fbAQLP

exports[`HomeShowcaseSection Should maintain existing snapshot 1`] = `
ShallowWrapper {
  "length": 1,
  Symbol(enzyme.__root__): [Circular],
  Symbol(enzyme.__unrendered__): <HomeShowcaseSection />,
  Symbol(enzyme.__renderer__): Object {
    "batchedUpdates": [Function],
    "getNode": [Function],
    "render": [Function],
    "simulateEvent": [Function],
    "unmount": [Function],
  },
  Symbol(enzyme.__node__): Object {
    "instance": null,
    "key": undefined,
    "nodeType": "host",
    "props": Object {
      "children": <div
        className="row io-top-row justify-content-center"
      >
        <div
          className="col-12 col-md-4"
        >
          <div
            className="io-home-card"
          >
            <p>
              Lorem ipsum dolor sit amet
            </p>
            <img
              alt=""
              src="test-file-stub"
            />
          </div>
        </div>
        <div
          className="col-12 col-md-4"
        >
          <div
            className="io-home-card"
          >
            <p>
              Lorem ipsum dolor sit amet
            </p>
            <img
              alt=""
              src="test-file-stub"
            />
          </div>
        </div>
        <div
          className="col-12 col-md-4"
        >
          <div
            className="io-home-card"
          >
            <p>
              Lorem ipsum dolor sit amet
            </p>
            <img
              alt=""
              src="test-file-stub"
            />
          </div>
        </div>
      </div>,
      "className": "container-fluid",
    },
    "ref": null,
    "rendered": Object {
      "instance": null,
      "key": undefined,
      "nodeType": "host",
      "props": Object {
        "children": Array [
          <div
            className="col-12 col-md-4"
          >
            <div
              className="io-home-card"
            >
              <p>
                Lorem ipsum dolor sit amet
              </p>
              <img
                alt=""
                src="test-file-stub"
              />
            </div>
          </div>,
          <div
            className="col-12 col-md-4"
          >
            <div
              className="io-home-card"
            >
              <p>
                Lorem ipsum dolor sit amet
              </p>
              <img
                alt=""
                src="test-file-stub"
              />
            </div>
          </div>,
          <div
            className="col-12 col-md-4"
          >
            <div
              className="io-home-card"
            >
              <p>
                Lorem ipsum dolor sit amet
              </p>
              <img
                alt=""
                src="test-file-stub"
              />
            </div>
          </div>,
        ],
        "className": "row io-top-row justify-content-center",
      },
      "ref": null,
      "rendered": Array [
        Object {
          "instance": null,
          "key": undefined,
          "nodeType": "host",
          "props": Object {
            "children": <div
              className="io-home-card"
            >
              <p>
                Lorem ipsum dolor sit amet
              </p>
              <img
                alt=""
                src="test-file-stub"
              />
            </div>,
            "className": "col-12 col-md-4",
          },
          "ref": null,
          "rendered": Object {
            "instance": null,
            "key": undefined,
            "nodeType": "host",
            "props": Object {
              "children": Array [
                <p>
                  Lorem ipsum dolor sit amet
                </p>,
                <img
                  alt=""
                  src="test-file-stub"
                />,
              ],
              "className": "io-home-card",
            },
            "ref": null,
            "rendered": Array [
              Object {
                "instance": null,
                "key": undefined,
                "nodeType": "host",
                "props": Object {
                  "children": "Lorem ipsum dolor sit amet",
                },
                "ref": null,
                "rendered": "Lorem ipsum dolor sit amet",
                "type": "p",
              },
              Object {
                "instance": null,
                "key": undefined,
                "nodeType": "host",
                "props": Object {
                  "alt": "",
                  "src": "test-file-stub",
                },
                "ref": null,
                "rendered": null,
                "type": "img",
              },
            ],
            "type": "div",
          },
          "type": "div",
        },
        Object {
          "instance": null,
          "key": undefined,
          "nodeType": "host",
          "props": Object {
            "children": <div
              className="io-home-card"
            >
              <p>
                Lorem ipsum dolor sit amet
              </p>
              <img
                alt=""
                src="test-file-stub"
              />
            </div>,
            "className": "col-12 col-md-4",
          },
          "ref": null,
          "rendered": Object {
            "instance": null,
            "key": undefined,
            "nodeType": "host",
            "props": Object {
              "children": Array [
                <p>
                  Lorem ipsum dolor sit amet
                </p>,
                <img
                  alt=""
                  src="test-file-stub"
                />,
              ],
              "className": "io-home-card",
            },
            "ref": null,
            "rendered": Array [
              Object {
                "instance": null,
                "key": undefined,
                "nodeType": "host",
                "props": Object {
                  "children": "Lorem ipsum dolor sit amet",
                },
                "ref": null,
                "rendered": "Lorem ipsum dolor sit amet",
                "type": "p",
              },
              Object {
                "instance": null,
                "key": undefined,
                "nodeType": "host",
                "props": Object {
                  "alt": "",
                  "src": "test-file-stub",
                },
                "ref": null,
                "rendered": null,
                "type": "img",
              },
            ],
            "type": "div",
          },
          "type": "div",
        },
        Object {
          "instance": null,
          "key": undefined,
          "nodeType": "host",
          "props": Object {
            "children": <div
              className="io-home-card"
            >
              <p>
                Lorem ipsum dolor sit amet
              </p>
              <img
                alt=""
                src="test-file-stub"
              />
            </div>,
            "className": "col-12 col-md-4",
          },
          "ref": null,
          "rendered": Object {
            "instance": null,
            "key": undefined,
            "nodeType": "host",
            "props": Object {
              "children": Array [
                <p>
                  Lorem ipsum dolor sit amet
                </p>,
                <img
                  alt=""
                  src="test-file-stub"
                />,
              ],
              "className": "io-home-card",
            },
            "ref": null,
            "rendered": Array [
              Object {
                "instance": null,
                "key": undefined,
                "nodeType": "host",
                "props": Object {
                  "children": "Lorem ipsum dolor sit amet",
                },
                "ref": null,
                "rendered": "Lorem ipsum dolor sit amet",
                "type": "p",
              },
              Object {
                "instance": null,
                "key": undefined,
                "nodeType": "host",
                "props": Object {
                  "alt": "",
                  "src": "test-file-stub",
                },
                "ref": null,
                "rendered": null,
                "type": "img",
              },
            ],
            "type": "div",
          },
          "type": "div",
        },
      ],
      "type": "div",
    },
    "type": "div",
  },
  Symbol(enzyme.__nodes__): Array [
    Object {
      "instance": null,
      "key": undefined,
      "nodeType": "host",
      "props": Object {
        "children": <div
          className="row io-top-row justify-content-center"
        >
          <div
            className="col-12 col-md-4"
          >
            <div
              className="io-home-card"
            >
              <p>
                Lorem ipsum dolor sit amet
              </p>
              <img
                alt=""
                src="test-file-stub"
              />
            </div>
          </div>
          <div
            className="col-12 col-md-4"
          >
            <div
              className="io-home-card"
            >
              <p>
                Lorem ipsum dolor sit amet
              </p>
              <img
                alt=""
                src="test-file-stub"
              />
            </div>
          </div>
          <div
            className="col-12 col-md-4"
          >
            <div
              className="io-home-card"
            >
              <p>
                Lorem ipsum dolor sit amet
              </p>
              <img
                alt=""
                src="test-file-stub"
              />
            </div>
          </div>
        </div>,
        "className": "container-fluid",
      },
      "ref": null,
      "rendered": Object {
        "instance": null,
        "key": undefined,
        "nodeType": "host",
        "props": Object {
          "children": Array [
            <div
              className="col-12 col-md-4"
            >
              <div
                className="io-home-card"
              >
                <p>
                  Lorem ipsum dolor sit amet
                </p>
                <img
                  alt=""
                  src="test-file-stub"
                />
              </div>
            </div>,
            <div
              className="col-12 col-md-4"
            >
              <div
                className="io-home-card"
              >
                <p>
                  Lorem ipsum dolor sit amet
                </p>
                <img
                  alt=""
                  src="test-file-stub"
                />
              </div>
            </div>,
            <div
              className="col-12 col-md-4"
            >
              <div
                className="io-home-card"
              >
                <p>
                  Lorem ipsum dolor sit amet
                </p>
                <img
                  alt=""
                  src="test-file-stub"
                />
              </div>
            </div>,
          ],
          "className": "row io-top-row justify-content-center",
        },
        "ref": null,
        "rendered": Array [
          Object {
            "instance": null,
            "key": undefined,
            "nodeType": "host",
            "props": Object {
              "children": <div
                className="io-home-card"
              >
                <p>
                  Lorem ipsum dolor sit amet
                </p>
                <img
                  alt=""
                  src="test-file-stub"
                />
              </div>,
              "className": "col-12 col-md-4",
            },
            "ref": null,
            "rendered": Object {
              "instance": null,
              "key": undefined,
              "nodeType": "host",
              "props": Object {
                "children": Array [
                  <p>
                    Lorem ipsum dolor sit amet
                  </p>,
                  <img
                    alt=""
                    src="test-file-stub"
                  />,
                ],
                "className": "io-home-card",
              },
              "ref": null,
              "rendered": Array [
                Object {
                  "instance": null,
                  "key": undefined,
                  "nodeType": "host",
                  "props": Object {
                    "children": "Lorem ipsum dolor sit amet",
                  },
                  "ref": null,
                  "rendered": "Lorem ipsum dolor sit amet",
                  "type": "p",
                },
                Object {
                  "instance": null,
                  "key": undefined,
                  "nodeType": "host",
                  "props": Object {
                    "alt": "",
                    "src": "test-file-stub",
                  },
                  "ref": null,
                  "rendered": null,
                  "type": "img",
                },
              ],
              "type": "div",
            },
            "type": "div",
          },
          Object {
            "instance": null,
            "key": undefined,
            "nodeType": "host",
            "props": Object {
              "children": <div
                className="io-home-card"
              >
                <p>
                  Lorem ipsum dolor sit amet
                </p>
                <img
                  alt=""
                  src="test-file-stub"
                />
              </div>,
              "className": "col-12 col-md-4",
            },
            "ref": null,
            "rendered": Object {
              "instance": null,
              "key": undefined,
              "nodeType": "host",
              "props": Object {
                "children": Array [
                  <p>
                    Lorem ipsum dolor sit amet
                  </p>,
                  <img
                    alt=""
                    src="test-file-stub"
                  />,
                ],
                "className": "io-home-card",
              },
              "ref": null,
              "rendered": Array [
                Object {
                  "instance": null,
                  "key": undefined,
                  "nodeType": "host",
                  "props": Object {
                    "children": "Lorem ipsum dolor sit amet",
                  },
                  "ref": null,
                  "rendered": "Lorem ipsum dolor sit amet",
                  "type": "p",
                },
                Object {
                  "instance": null,
                  "key": undefined,
                  "nodeType": "host",
                  "props": Object {
                    "alt": "",
                    "src": "test-file-stub",
                  },
                  "ref": null,
                  "rendered": null,
                  "type": "img",
                },
              ],
              "type": "div",
            },
            "type": "div",
          },
          Object {
            "instance": null,
            "key": undefined,
            "nodeType": "host",
            "props": Object {
              "children": <div
                className="io-home-card"
              >
                <p>
                  Lorem ipsum dolor sit amet
                </p>
                <img
                  alt=""
                  src="test-file-stub"
                />
              </div>,
              "className": "col-12 col-md-4",
            },
            "ref": null,
            "rendered": Object {
              "instance": null,
              "key": undefined,
              "nodeType": "host",
              "props": Object {
                "children": Array [
                  <p>
                    Lorem ipsum dolor sit amet
                  </p>,
                  <img
                    alt=""
                    src="test-file-stub"
                  />,
                ],
                "className": "io-home-card",
              },
              "ref": null,
              "rendered": Array [
                Object {
                  "instance": null,
                  "key": undefined,
                  "nodeType": "host",
                  "props": Object {
                    "children": "Lorem ipsum dolor sit amet",
                  },
                  "ref": null,
                  "rendered": "Lorem ipsum dolor sit amet",
                  "type": "p",
                },
                Object {
                  "instance": null,
                  "key": undefined,
                  "nodeType": "host",
                  "props": Object {
                    "alt": "",
                    "src": "test-file-stub",
                  },
                  "ref": null,
                  "rendered": null,
                  "type": "img",
                },
              ],
              "type": "div",
            },
            "type": "div",
          },
        ],
        "type": "div",
      },
      "type": "div",
    },
  ],
  Symbol(enzyme.__options__): Object {
    "adapter": ReactSixteenAdapter {
      "options": Object {
        "enableComponentDidUpdateOnSetState": true,
      },
    },
  },
}
`;
